
*** crates/soldier_core/src/execution/dispatch_map.rs:145:5: replace map_to_dispatch_unchecked -> Result<DispatchRequest, DispatchMapError> with Ok(Default::default())

*** mutation diff:
--- crates/soldier_core/src/execution/dispatch_map.rs
+++ replace map_to_dispatch_unchecked -> Result<DispatchRequest, DispatchMapError> with Ok(Default::default())
@@ -137,34 +137,17 @@
     map_to_dispatch_unchecked(order_size, instrument_kind, intent)
 }
 
 fn map_to_dispatch_unchecked(
     order_size: &OrderSize,
     instrument_kind: InstrumentKind,
     intent: IntentClass,
 ) -> Result<DispatchRequest, DispatchMapError> {
-    let amount = match instrument_kind {
-        InstrumentKind::Option | InstrumentKind::LinearFuture => order_size
-            .qty_coin
-            .ok_or(DispatchMapError::MissingQtyCoin)?,
-        InstrumentKind::Perpetual | InstrumentKind::InverseFuture => {
-            order_size.qty_usd.ok_or(DispatchMapError::MissingQtyUsd)?
-        }
-    };
-
-    let reduce_only = match intent {
-        IntentClass::Open => false,
-        IntentClass::Close | IntentClass::Hedge | IntentClass::Cancel => true,
-    };
-
-    Ok(DispatchRequest {
-        amount,
-        reduce_only,
-    })
+    Ok(Default::default()) /* ~ changed by cargo-mutants ~ */
 }
 
 /// Validate contracts/amount consistency and dispatch (AT-920).
 ///
 /// CONTRACT.md AT-920: If `contracts` and canonical amount are both present,
 /// validates that
 /// `|contracts * contract_multiplier - canonical_amount| /
 /// max(|canonical_amount|, epsilon)` does not exceed


*** /Users/admin/.rustup/toolchains/stable-x86_64-apple-darwin/bin/cargo test --no-run --verbose --package=soldier_core@0.1.0
       Fresh cfg-if v1.0.4
       Fresh unicode-ident v1.0.23
       Fresh libc v0.2.182
       Fresh once_cell v1.21.3
       Fresh proc-macro2 v1.0.106
       Fresh quote v1.0.44
       Fresh getrandom v0.3.4
       Fresh syn v2.0.116
       Fresh rand_core v0.9.5
       Fresh errno v0.3.14
       Fresh bitflags v2.11.0
       Fresh autocfg v1.5.0
       Fresh serde_core v1.0.228
       Fresh getrandom v0.4.1
       Fresh zerocopy v0.8.39
       Fresh rustix v1.1.3
       Fresh fastrand v2.3.0
       Fresh tempfile v3.25.0
       Fresh ppv-lite86 v0.2.21
       Fresh tracing-attributes v0.1.31
       Fresh serde_derive v1.0.228
       Fresh tracing-core v0.1.36
       Fresh wait-timeout v0.2.1
       Fresh fnv v1.0.7
       Fresh pin-project-lite v0.2.16
       Fresh quick-error v1.2.3
       Fresh bit-vec v0.8.0
       Fresh tracing v0.1.44
       Fresh bit-set v0.8.0
       Fresh rusty-fork v0.3.1
       Fresh serde v1.0.228
       Fresh rand_chacha v0.9.0
       Fresh zmij v1.0.21
       Fresh num-traits v0.2.19
       Fresh rand_xorshift v0.4.0
       Fresh rand v0.9.2
       Fresh regex-syntax v0.8.9
       Fresh unarray v0.1.4
       Fresh xxhash-rust v0.8.15
       Fresh memchr v2.8.0
       Fresh itoa v1.0.17
       Fresh proptest v1.10.0
       Fresh serde_json v1.0.149
       Dirty soldier_core v0.1.0 (/private/var/folders/2_/frcft4_x13z_4sv0sg9nfc4w0000gn/T/cargo-mutants-wt_S5-004-zASbub.tmp/crates/soldier_core): couldn't read metadata for file `target/debug/deps/libsoldier_core-d3fa692111d1e781.rlib`
   Compiling soldier_core v0.1.0 (/private/var/folders/2_/frcft4_x13z_4sv0sg9nfc4w0000gn/T/cargo-mutants-wt_S5-004-zASbub.tmp/crates/soldier_core)
     Running `/Users/admin/.rustup/toolchains/stable-x86_64-apple-darwin/bin/rustc --crate-name soldier_core --edition=2024 crates/soldier_core/src/lib.rs --error-format=json --json=diagnostic-rendered-ansi,artifacts,future-incompat --crate-type lib --emit=dep-info,metadata,link -C embed-bitcode=no -C debuginfo=2 -C split-debuginfo=unpacked --check-cfg 'cfg(docsrs,test)' --check-cfg 'cfg(feature, values())' -C metadata=6da6b34149b2c71c -C extra-filename=-d3fa692111d1e781 --out-dir /private/var/folders/2_/frcft4_x13z_4sv0sg9nfc4w0000gn/T/cargo-mutants-wt_S5-004-zASbub.tmp/target/debug/deps -C incremental=/private/var/folders/2_/frcft4_x13z_4sv0sg9nfc4w0000gn/T/cargo-mutants-wt_S5-004-zASbub.tmp/target/debug/incremental -L dependency=/private/var/folders/2_/frcft4_x13z_4sv0sg9nfc4w0000gn/T/cargo-mutants-wt_S5-004-zASbub.tmp/target/debug/deps --extern serde=/private/var/folders/2_/frcft4_x13z_4sv0sg9nfc4w0000gn/T/cargo-mutants-wt_S5-004-zASbub.tmp/target/debug/deps/libserde-3ed846e208f555c3.rmeta --extern tracing=/private/var/folders/2_/frcft4_x13z_4sv0sg9nfc4w0000gn/T/cargo-mutants-wt_S5-004-zASbub.tmp/target/debug/deps/libtracing-67485b29f0892d6c.rmeta --extern xxhash_rust=/private/var/folders/2_/frcft4_x13z_4sv0sg9nfc4w0000gn/T/cargo-mutants-wt_S5-004-zASbub.tmp/target/debug/deps/libxxhash_rust-73bb6d3137184eaf.rmeta`
     Running `/Users/admin/.rustup/toolchains/stable-x86_64-apple-darwin/bin/rustc --crate-name soldier_core --edition=2024 crates/soldier_core/src/lib.rs --error-format=json --json=diagnostic-rendered-ansi,artifacts,future-incompat --emit=dep-info,link -C embed-bitcode=no -C debuginfo=2 -C split-debuginfo=unpacked --test --check-cfg 'cfg(docsrs,test)' --check-cfg 'cfg(feature, values())' -C metadata=3d7ae7dada6b656c -C extra-filename=-4dc84a3ea9a16864 --out-dir /private/var/folders/2_/frcft4_x13z_4sv0sg9nfc4w0000gn/T/cargo-mutants-wt_S5-004-zASbub.tmp/target/debug/deps -C incremental=/private/var/folders/2_/frcft4_x13z_4sv0sg9nfc4w0000gn/T/cargo-mutants-wt_S5-004-zASbub.tmp/target/debug/incremental -L dependency=/private/var/folders/2_/frcft4_x13z_4sv0sg9nfc4w0000gn/T/cargo-mutants-wt_S5-004-zASbub.tmp/target/debug/deps --extern proptest=/private/var/folders/2_/frcft4_x13z_4sv0sg9nfc4w0000gn/T/cargo-mutants-wt_S5-004-zASbub.tmp/target/debug/deps/libproptest-f50583a4908d26f1.rlib --extern serde=/private/var/folders/2_/frcft4_x13z_4sv0sg9nfc4w0000gn/T/cargo-mutants-wt_S5-004-zASbub.tmp/target/debug/deps/libserde-3ed846e208f555c3.rlib --extern serde_json=/private/var/folders/2_/frcft4_x13z_4sv0sg9nfc4w0000gn/T/cargo-mutants-wt_S5-004-zASbub.tmp/target/debug/deps/libserde_json-2fd93a69e3d22d4d.rlib --extern tracing=/private/var/folders/2_/frcft4_x13z_4sv0sg9nfc4w0000gn/T/cargo-mutants-wt_S5-004-zASbub.tmp/target/debug/deps/libtracing-67485b29f0892d6c.rlib --extern xxhash_rust=/private/var/folders/2_/frcft4_x13z_4sv0sg9nfc4w0000gn/T/cargo-mutants-wt_S5-004-zASbub.tmp/target/debug/deps/libxxhash_rust-73bb6d3137184eaf.rlib`
error[E0277]: the trait bound `DispatchRequest: Default` is not satisfied
   --> crates/soldier_core/src/execution/dispatch_map.rs:145:8
    |
145 |     Ok(Default::default()) /* ~ changed by cargo-mutants ~ */
    |        ^^^^^^^^^^^^^^^^^^ the trait `Default` is not implemented for `DispatchRequest`
    |
help: consider annotating `DispatchRequest` with `#[derive(Default)]`
    |
 45 + #[derive(Default)]
 46 | pub struct DispatchRequest {
    |

For more information about this error, try `rustc --explain E0277`.
error: could not compile `soldier_core` (lib) due to 1 previous error

Caused by:
  process didn't exit successfully: `/Users/admin/.rustup/toolchains/stable-x86_64-apple-darwin/bin/rustc --crate-name soldier_core --edition=2024 crates/soldier_core/src/lib.rs --error-format=json --json=diagnostic-rendered-ansi,artifacts,future-incompat --crate-type lib --emit=dep-info,metadata,link -C embed-bitcode=no -C debuginfo=2 -C split-debuginfo=unpacked --check-cfg 'cfg(docsrs,test)' --check-cfg 'cfg(feature, values())' -C metadata=6da6b34149b2c71c -C extra-filename=-d3fa692111d1e781 --out-dir /private/var/folders/2_/frcft4_x13z_4sv0sg9nfc4w0000gn/T/cargo-mutants-wt_S5-004-zASbub.tmp/target/debug/deps -C incremental=/private/var/folders/2_/frcft4_x13z_4sv0sg9nfc4w0000gn/T/cargo-mutants-wt_S5-004-zASbub.tmp/target/debug/incremental -L dependency=/private/var/folders/2_/frcft4_x13z_4sv0sg9nfc4w0000gn/T/cargo-mutants-wt_S5-004-zASbub.tmp/target/debug/deps --extern serde=/private/var/folders/2_/frcft4_x13z_4sv0sg9nfc4w0000gn/T/cargo-mutants-wt_S5-004-zASbub.tmp/target/debug/deps/libserde-3ed846e208f555c3.rmeta --extern tracing=/private/var/folders/2_/frcft4_x13z_4sv0sg9nfc4w0000gn/T/cargo-mutants-wt_S5-004-zASbub.tmp/target/debug/deps/libtracing-67485b29f0892d6c.rmeta --extern xxhash_rust=/private/var/folders/2_/frcft4_x13z_4sv0sg9nfc4w0000gn/T/cargo-mutants-wt_S5-004-zASbub.tmp/target/debug/deps/libxxhash_rust-73bb6d3137184eaf.rmeta` (exit status: 1)
warning: build failed, waiting for other jobs to finish...
error: could not compile `soldier_core` (lib test) due to 1 previous error

Caused by:
  process didn't exit successfully: `/Users/admin/.rustup/toolchains/stable-x86_64-apple-darwin/bin/rustc --crate-name soldier_core --edition=2024 crates/soldier_core/src/lib.rs --error-format=json --json=diagnostic-rendered-ansi,artifacts,future-incompat --emit=dep-info,link -C embed-bitcode=no -C debuginfo=2 -C split-debuginfo=unpacked --test --check-cfg 'cfg(docsrs,test)' --check-cfg 'cfg(feature, values())' -C metadata=3d7ae7dada6b656c -C extra-filename=-4dc84a3ea9a16864 --out-dir /private/var/folders/2_/frcft4_x13z_4sv0sg9nfc4w0000gn/T/cargo-mutants-wt_S5-004-zASbub.tmp/target/debug/deps -C incremental=/private/var/folders/2_/frcft4_x13z_4sv0sg9nfc4w0000gn/T/cargo-mutants-wt_S5-004-zASbub.tmp/target/debug/incremental -L dependency=/private/var/folders/2_/frcft4_x13z_4sv0sg9nfc4w0000gn/T/cargo-mutants-wt_S5-004-zASbub.tmp/target/debug/deps --extern proptest=/private/var/folders/2_/frcft4_x13z_4sv0sg9nfc4w0000gn/T/cargo-mutants-wt_S5-004-zASbub.tmp/target/debug/deps/libproptest-f50583a4908d26f1.rlib --extern serde=/private/var/folders/2_/frcft4_x13z_4sv0sg9nfc4w0000gn/T/cargo-mutants-wt_S5-004-zASbub.tmp/target/debug/deps/libserde-3ed846e208f555c3.rlib --extern serde_json=/private/var/folders/2_/frcft4_x13z_4sv0sg9nfc4w0000gn/T/cargo-mutants-wt_S5-004-zASbub.tmp/target/debug/deps/libserde_json-2fd93a69e3d22d4d.rlib --extern tracing=/private/var/folders/2_/frcft4_x13z_4sv0sg9nfc4w0000gn/T/cargo-mutants-wt_S5-004-zASbub.tmp/target/debug/deps/libtracing-67485b29f0892d6c.rlib --extern xxhash_rust=/private/var/folders/2_/frcft4_x13z_4sv0sg9nfc4w0000gn/T/cargo-mutants-wt_S5-004-zASbub.tmp/target/debug/deps/libxxhash_rust-73bb6d3137184eaf.rlib` (exit status: 1)

*** result: Failure(101)
